{
  "filters_used": [
    {
      "path": "detect_secrets.filters.allowlist.is_line_allowlisted"
    },
    {
      "min_level": 2,
      "path": "detect_secrets.filters.common.is_ignored_due_to_verification_policies"
    },
    {
      "path": "detect_secrets.filters.heuristic.is_indirect_reference"
    },
    {
      "path": "detect_secrets.filters.heuristic.is_likely_id_string"
    },
    {
      "path": "detect_secrets.filters.heuristic.is_lock_file"
    },
    {
      "path": "detect_secrets.filters.heuristic.is_not_alphanumeric_string"
    },
    {
      "path": "detect_secrets.filters.heuristic.is_potential_uuid"
    },
    {
      "path": "detect_secrets.filters.heuristic.is_prefixed_with_dollar_sign"
    },
    {
      "path": "detect_secrets.filters.heuristic.is_sequential_string"
    },
    {
      "path": "detect_secrets.filters.heuristic.is_swagger_file"
    },
    {
      "path": "detect_secrets.filters.heuristic.is_templated_secret"
    },
    {
      "path": "detect_secrets.filters.regex.should_exclude_file",
      "pattern": [
        "(?:^|[\\\\/])(?:\\.git|\\.venv(?:-[^\\\\/]+)?|\\.quality|\\.import_linter_cache|\\.mypy_cache|\\.ruff_cache|\\.uv-cache(?:-codex)?|\\.pytest_cache|\\.hypothesis|outputs|data)(?:[\\\\/]|$)|(?:^|[\\\\/])\\.secrets\\.baseline$"
      ]
    }
  ],
  "generated_at": "2026-08-14T04:47:08Z",
  "plugins_used": [
    {
      "name": "ArtifactoryDetector"
    },
    {
      "name": "AWSKeyDetector"
    },
    {
      "name": "AzureStorageKeyDetector"
    },
    {
      "limit": 4.5,
      "name": "Base64HighEntropyString"
    },
    {
      "name": "BasicAuthDetector"
    },
    {
      "name": "CloudantDetector"
    },
    {
      "name": "DiscordBotTokenDetector"
    },
    {
      "name": "GitHubTokenDetector"
    },
    {
      "name": "GitLabTokenDetector"
    },
    {
      "limit": 3.0,
      "name": "HexHighEntropyString"
    },
    {
      "name": "IbmCloudIamDetector"
    },
    {
      "name": "IbmCosHmacDetector"
    },
    {
      "name": "IPPublicDetector"
    },
    {
      "name": "JwtTokenDetector"
    },
    {
      "keyword_exclude": "",
      "name": "KeywordDetector"
    },
    {
      "name": "MailchimpDetector"
    },
    {
      "name": "NpmDetector"
    },
    {
      "name": "OpenAIDetector"
    },
    {
      "name": "PrivateKeyDetector"
    },
    {
      "name": "PypiTokenDetector"
    },
    {
      "name": "SendGridDetector"
    },
    {
      "name": "SlackDetector"
    },
    {
      "name": "SoftlayerDetector"
    },
    {
      "name": "SquareOAuthDetector"
    },
    {
      "name": "StripeDetector"
    },
    {
      "name": "TelegramBotTokenDetector"
    },
    {
      "name": "TwilioKeyDetector"
    }
  ],
  "results": {
    "deploy\\base\\secret.example.yaml": [
      {
        "filename": "deploy\\base\\secret.example.yaml",
        "hashed_secret": "9cb0dc5383312aa15b9dc6745645bde18ff5ade9",
        "is_verified": false,
        "line_number": 8,
        "type": "Secret Keyword"
      }
    ],
    "mutants\\mutmut-stats.json": [
      {
        "filename": "mutants\\mutmut-stats.json",
        "hashed_secret": "31fed96a0934975629097f883c9458b429029ed3",
        "is_verified": false,
        "line_number": 209,
        "type": "Hex High Entropy String"
      },
      {
        "filename": "mutants\\mutmut-stats.json",
        "hashed_secret": "772304e528646cf3a3dba39613acade98fe4ed2c",
        "is_verified": false,
        "line_number": 211,
        "type": "Hex High Entropy String"
      },
      {
        "filename": "mutants\\mutmut-stats.json",
        "hashed_secret": "455c08083c6f03e9bcf5c9f5dc6e013403c8c935",
        "is_verified": false,
        "line_number": 214,
        "type": "Hex High Entropy String"
      },
      {
        "filename": "mutants\\mutmut-stats.json",
        "hashed_secret": "0f20f292c782ea1e480b57fb09310a89d6d5d377",
        "is_verified": false,
        "line_number": 215,
        "type": "Hex High Entropy String"
      },
      {
        "filename": "mutants\\mutmut-stats.json",
        "hashed_secret": "453c8daf11ea9d97fd75c1222ea0ea7bce577a86",
        "is_verified": false,
        "line_number": 216,
        "type": "Hex High Entropy String"
      },
      {
        "filename": "mutants\\mutmut-stats.json",
        "hashed_secret": "a9ef404de237b17c849f578056bb186bd143f5f2",
        "is_verified": false,
        "line_number": 219,
        "type": "Hex High Entropy String"
      },
      {
        "filename": "mutants\\mutmut-stats.json",
        "hashed_secret": "3aafa4981c406ec8d7871afcc05c772ffc4c922f",
        "is_verified": false,
        "line_number": 220,
        "type": "Hex High Entropy String"
      },
      {
        "filename": "mutants\\mutmut-stats.json",
        "hashed_secret": "2670b5aa0e830d66ac42781f85a9e953f704e6c8",
        "is_verified": false,
        "line_number": 222,
        "type": "Hex High Entropy String"
      },
      {
        "filename": "mutants\\mutmut-stats.json",
        "hashed_secret": "c246947b5dc84a4e0d04576d36445d23d53ea81b",
        "is_verified": false,
        "line_number": 223,
        "type": "Hex High Entropy String"
      },
      {
        "filename": "mutants\\mutmut-stats.json",
        "hashed_secret": "7b90afe69da710735b616734b7bf4102c773b561",
        "is_verified": false,
        "line_number": 224,
        "type": "Hex High Entropy String"
      },
      {
        "filename": "mutants\\mutmut-stats.json",
        "hashed_secret": "f420aaaaacba270e9229a909dfeff09bb79ebed6",
        "is_verified": false,
        "line_number": 228,
        "type": "Hex High Entropy String"
      },
      {
        "filename": "mutants\\mutmut-stats.json",
        "hashed_secret": "e5035066f3143333833b32ebc356eef304d78a4e",
        "is_verified": false,
        "line_number": 230,
        "type": "Hex High Entropy String"
      },
      {
        "filename": "mutants\\mutmut-stats.json",
        "hashed_secret": "fa49a3440cc88aeae78776af3c7f830a62229dce",
        "is_verified": false,
        "line_number": 231,
        "type": "Hex High Entropy String"
      },
      {
        "filename": "mutants\\mutmut-stats.json",
        "hashed_secret": "e7e7c2e0880b78ef350cb2091a16fb90778e96dc",
        "is_verified": false,
        "line_number": 232,
        "type": "Hex High Entropy String"
      },
      {
        "filename": "mutants\\mutmut-stats.json",
        "hashed_secret": "fa19d2ba6566cc53922cd6660b82e431fbc5013f",
        "is_verified": false,
        "line_number": 233,
        "type": "Hex High Entropy String"
      },
      {
        "filename": "mutants\\mutmut-stats.json",
        "hashed_secret": "156beaa989b51a964ae516831296abf4197608f4",
        "is_verified": false,
        "line_number": 235,
        "type": "Hex High Entropy String"
      },
      {
        "filename": "mutants\\mutmut-stats.json",
        "hashed_secret": "f24da416fac09a54a0239c5f99b198d6282b1fb6",
        "is_verified": false,
        "line_number": 236,
        "type": "Hex High Entropy String"
      },
      {
        "filename": "mutants\\mutmut-stats.json",
        "hashed_secret": "5eae289425f205ef199bdfa1f46fb5bf5a090057",
        "is_verified": false,
        "line_number": 238,
        "type": "Hex High Entropy String"
      },
      {
        "filename": "mutants\\mutmut-stats.json",
        "hashed_secret": "5661d9552bc8e5b735b17082f1696cd0e7d281c0",
        "is_verified": false,
        "line_number": 239,
        "type": "Hex High Entropy String"
      },
      {
        "filename": "mutants\\mutmut-stats.json",
        "hashed_secret": "921cf6b4249a6462c29efa06122186c5f26c27b3",
        "is_verified": false,
        "line_number": 242,
        "type": "Hex High Entropy String"
      },
      {
        "filename": "mutants\\mutmut-stats.json",
        "hashed_secret": "d11a7e1b36c263fe32d83a72458dad5e5da23ffc",
        "is_verified": false,
        "line_number": 243,
        "type": "Hex High Entropy String"
      },
      {
        "filename": "mutants\\mutmut-stats.json",
        "hashed_secret": "9a09e47bf8c4932a59d78072e29be633387277a8",
        "is_verified": false,
        "line_number": 244,
        "type": "Hex High Entropy String"
      },
      {
        "filename": "mutants\\mutmut-stats.json",
        "hashed_secret": "c32a740cb7a29ebca0a214fe7596b3f25631a2f9",
        "is_verified": false,
        "line_number": 245,
        "type": "Hex High Entropy String"
      },
      {
        "filename": "mutants\\mutmut-stats.json",
        "hashed_secret": "b971bccfb9a993740047c28bf2961d852c667979",
        "is_verified": false,
        "line_number": 246,
        "type": "Hex High Entropy String"
      },
      {
        "filename": "mutants\\mutmut-stats.json",
        "hashed_secret": "018006a85d427c022eb77328a0d4116d0d31cfb4",
        "is_verified": false,
        "line_number": 249,
        "type": "Hex High Entropy String"
      },
      {
        "filename": "mutants\\mutmut-stats.json",
        "hashed_secret": "af8a66df4c5f653183dacaa3dc220b8647bf5905",
        "is_verified": false,
        "line_number": 250,
        "type": "Hex High Entropy String"
      },
      {
        "filename": "mutants\\mutmut-stats.json",
        "hashed_secret": "59fb4bb1d52836e1bd0f1277dabe84352220f7af",
        "is_verified": false,
        "line_number": 358,
        "type": "Hex High Entropy String"
      },
      {
        "filename": "mutants\\mutmut-stats.json",
        "hashed_secret": "b1cb89a071025ce517434181322c195790d70e9a",
        "is_verified": false,
        "line_number": 359,
        "type": "Hex High Entropy String"
      },
      {
        "filename": "mutants\\mutmut-stats.json",
        "hashed_secret": "1164c63293ab7ec84ddbc2b215e2c1bd3b10a064",
        "is_verified": false,
        "line_number": 364,
        "type": "Hex High Entropy String"
      },
      {
        "filename": "mutants\\mutmut-stats.json",
        "hashed_secret": "d45f6f73a330a0a337b82e02dfdffd80a42b6391",
        "is_verified": false,
        "line_number": 367,
        "type": "Hex High Entropy String"
      },
      {
        "filename": "mutants\\mutmut-stats.json",
        "hashed_secret": "d2ca1381fe44b1526704b07fd1e1ba17aa9beb24",
        "is_verified": false,
        "line_number": 368,
        "type": "Hex High Entropy String"
      },
      {
        "filename": "mutants\\mutmut-stats.json",
        "hashed_secret": "c7ae4349105d1beeb187738a139ab80bd66f13df",
        "is_verified": false,
        "line_number": 370,
        "type": "Hex High Entropy String"
      },
      {
        "filename": "mutants\\mutmut-stats.json",
        "hashed_secret": "da55455d67eb073042cb6cdd6bc362d5e4f4cf0d",
        "is_verified": false,
        "line_number": 371,
        "type": "Hex High Entropy String"
      },
      {
        "filename": "mutants\\mutmut-stats.json",
        "hashed_secret": "f23b0704a76c6c084fc5ed49442bcb55e5a3179e",
        "is_verified": false,
        "line_number": 372,
        "type": "Hex High Entropy String"
      },
      {
        "filename": "mutants\\mutmut-stats.json",
        "hashed_secret": "18c85bef6293e4bdace6737a55747d33c2118ced",
        "is_verified": false,
        "line_number": 374,
        "type": "Hex High Entropy String"
      },
      {
        "filename": "mutants\\mutmut-stats.json",
        "hashed_secret": "208ab9a83671f5f0de922d792d695d8a9de06231",
        "is_verified": false,
        "line_number": 378,
        "type": "Hex High Entropy String"
      },
      {
        "filename": "mutants\\mutmut-stats.json",
        "hashed_secret": "c8f48003ef23ed57088b29f5b3303d2d7a7480f5",
        "is_verified": false,
        "line_number": 381,
        "type": "Hex High Entropy String"
      },
      {
        "filename": "mutants\\mutmut-stats.json",
        "hashed_secret": "faa28f9d76313ba290599942026f8e5930761608",
        "is_verified": false,
        "line_number": 383,
        "type": "Hex High Entropy String"
      },
      {
        "filename": "mutants\\mutmut-stats.json",
        "hashed_secret": "68f18547434f4e2a6af7d2f59bd091688ea4c808",
        "is_verified": false,
        "line_number": 386,
        "type": "Hex High Entropy String"
      },
      {
        "filename": "mutants\\mutmut-stats.json",
        "hashed_secret": "e3ffdb16bbb09958bb18e8fa3d64e0ccb85dcf91",
        "is_verified": false,
        "line_number": 388,
        "type": "Hex High Entropy String"
      },
      {
        "filename": "mutants\\mutmut-stats.json",
        "hashed_secret": "4d751303219e6fa8bcf44efff719e2d86b0679b3",
        "is_verified": false,
        "line_number": 389,
        "type": "Hex High Entropy String"
      },
      {
        "filename": "mutants\\mutmut-stats.json",
        "hashed_secret": "741b8fad4e2151e66caef945285855dce9e6e63c",
        "is_verified": false,
        "line_number": 390,
        "type": "Hex High Entropy String"
      },
      {
        "filename": "mutants\\mutmut-stats.json",
        "hashed_secret": "504a934a4b1328ebd2bf98a4369324e50d4f8cbe",
        "is_verified": false,
        "line_number": 391,
        "type": "Hex High Entropy String"
      },
      {
        "filename": "mutants\\mutmut-stats.json",
        "hashed_secret": "08898ba92cbf27285bbf2c07a262b02d5d2ef8f2",
        "is_verified": false,
        "line_number": 395,
        "type": "Hex High Entropy String"
      },
      {
        "filename": "mutants\\mutmut-stats.json",
        "hashed_secret": "404a05096dc1069ed92ff87b440c61c152bf2fd6",
        "is_verified": false,
        "line_number": 399,
        "type": "Hex High Entropy String"
      }
    ],
    "mutants\\pkgs\\core\\src\\ml_platform_core\\config_validation.py.meta": [
      {
        "filename": "mutants\\pkgs\\core\\src\\ml_platform_core\\config_validation.py.meta",
        "hashed_secret": "31fed96a0934975629097f883c9458b429029ed3",
        "is_verified": false,
        "line_number": 186,
        "type": "Hex High Entropy String"
      },
      {
        "filename": "mutants\\pkgs\\core\\src\\ml_platform_core\\config_validation.py.meta",
        "hashed_secret": "772304e528646cf3a3dba39613acade98fe4ed2c",
        "is_verified": false,
        "line_number": 188,
        "type": "Hex High Entropy String"
      },
      {
        "filename": "mutants\\pkgs\\core\\src\\ml_platform_core\\config_validation.py.meta",
        "hashed_secret": "455c08083c6f03e9bcf5c9f5dc6e013403c8c935",
        "is_verified": false,
        "line_number": 191,
        "type": "Hex High Entropy String"
      },
      {
        "filename": "mutants\\pkgs\\core\\src\\ml_platform_core\\config_validation.py.meta",
        "hashed_secret": "0f20f292c782ea1e480b57fb09310a89d6d5d377",
        "is_verified": false,
        "line_number": 192,
        "type": "Hex High Entropy String"
      },
      {
        "filename": "mutants\\pkgs\\core\\src\\ml_platform_core\\config_validation.py.meta",
        "hashed_secret": "453c8daf11ea9d97fd75c1222ea0ea7bce577a86",
        "is_verified": false,
        "line_number": 193,
        "type": "Hex High Entropy String"
      },
      {
        "filename": "mutants\\pkgs\\core\\src\\ml_platform_core\\config_validation.py.meta",
        "hashed_secret": "a9ef404de237b17c849f578056bb186bd143f5f2",
        "is_verified": false,
        "line_number": 196,
        "type": "Hex High Entropy String"
      }
    ],
    "mutants\\pkgs\\tabular\\src\\ml_platform_tabular\\inference\\schema.py.meta": [
      {
        "filename": "mutants\\pkgs\\tabular\\src\\ml_platform_tabular\\inference\\schema.py.meta",
        "hashed_secret": "5eae289425f205ef199bdfa1f46fb5bf5a090057",
        "is_verified": false,
        "line_number": 299,
        "type": "Hex High Entropy String"
      },
      {
        "filename": "mutants\\pkgs\\tabular\\src\\ml_platform_tabular\\inference\\schema.py.meta",
        "hashed_secret": "5661d9552bc8e5b735b17082f1696cd0e7d281c0",
        "is_verified": false,
        "line_number": 300,
        "type": "Hex High Entropy String"
      },
      {
        "filename": "mutants\\pkgs\\tabular\\src\\ml_platform_tabular\\inference\\schema.py.meta",
        "hashed_secret": "921cf6b4249a6462c29efa06122186c5f26c27b3",
        "is_verified": false,
        "line_number": 303,
        "type": "Hex High Entropy String"
      },
      {
        "filename": "mutants\\pkgs\\tabular\\src\\ml_platform_tabular\\inference\\schema.py.meta",
        "hashed_secret": "d11a7e1b36c263fe32d83a72458dad5e5da23ffc",
        "is_verified": false,
        "line_number": 304,
        "type": "Hex High Entropy String"
      },
      {
        "filename": "mutants\\pkgs\\tabular\\src\\ml_platform_tabular\\inference\\schema.py.meta",
        "hashed_secret": "9a09e47bf8c4932a59d78072e29be633387277a8",
        "is_verified": false,
        "line_number": 305,
        "type": "Hex High Entropy String"
      },
      {
        "filename": "mutants\\pkgs\\tabular\\src\\ml_platform_tabular\\inference\\schema.py.meta",
        "hashed_secret": "c32a740cb7a29ebca0a214fe7596b3f25631a2f9",
        "is_verified": false,
        "line_number": 306,
        "type": "Hex High Entropy String"
      },
      {
        "filename": "mutants\\pkgs\\tabular\\src\\ml_platform_tabular\\inference\\schema.py.meta",
        "hashed_secret": "b971bccfb9a993740047c28bf2961d852c667979",
        "is_verified": false,
        "line_number": 307,
        "type": "Hex High Entropy String"
      },
      {
        "filename": "mutants\\pkgs\\tabular\\src\\ml_platform_tabular\\inference\\schema.py.meta",
        "hashed_secret": "018006a85d427c022eb77328a0d4116d0d31cfb4",
        "is_verified": false,
        "line_number": 310,
        "type": "Hex High Entropy String"
      },
      {
        "filename": "mutants\\pkgs\\tabular\\src\\ml_platform_tabular\\inference\\schema.py.meta",
        "hashed_secret": "af8a66df4c5f653183dacaa3dc220b8647bf5905",
        "is_verified": false,
        "line_number": 311,
        "type": "Hex High Entropy String"
      }
    ],
    "mutants\\pkgs\\tabular\\src\\ml_platform_tabular\\metrics.py.meta": [
      {
        "filename": "mutants\\pkgs\\tabular\\src\\ml_platform_tabular\\metrics.py.meta",
        "hashed_secret": "3aafa4981c406ec8d7871afcc05c772ffc4c922f",
        "is_verified": false,
        "line_number": 429,
        "type": "Hex High Entropy String"
      },
      {
        "filename": "mutants\\pkgs\\tabular\\src\\ml_platform_tabular\\metrics.py.meta",
        "hashed_secret": "2670b5aa0e830d66ac42781f85a9e953f704e6c8",
        "is_verified": false,
        "line_number": 431,
        "type": "Hex High Entropy String"
      },
      {
        "filename": "mutants\\pkgs\\tabular\\src\\ml_platform_tabular\\metrics.py.meta",
        "hashed_secret": "c246947b5dc84a4e0d04576d36445d23d53ea81b",
        "is_verified": false,
        "line_number": 432,
        "type": "Hex High Entropy String"
      },
      {
        "filename": "mutants\\pkgs\\tabular\\src\\ml_platform_tabular\\metrics.py.meta",
        "hashed_secret": "7b90afe69da710735b616734b7bf4102c773b561",
        "is_verified": false,
        "line_number": 433,
        "type": "Hex High Entropy String"
      },
      {
        "filename": "mutants\\pkgs\\tabular\\src\\ml_platform_tabular\\metrics.py.meta",
        "hashed_secret": "f420aaaaacba270e9229a909dfeff09bb79ebed6",
        "is_verified": false,
        "line_number": 437,
        "type": "Hex High Entropy String"
      },
      {
        "filename": "mutants\\pkgs\\tabular\\src\\ml_platform_tabular\\metrics.py.meta",
        "hashed_secret": "e5035066f3143333833b32ebc356eef304d78a4e",
        "is_verified": false,
        "line_number": 439,
        "type": "Hex High Entropy String"
      },
      {
        "filename": "mutants\\pkgs\\tabular\\src\\ml_platform_tabular\\metrics.py.meta",
        "hashed_secret": "fa49a3440cc88aeae78776af3c7f830a62229dce",
        "is_verified": false,
        "line_number": 440,
        "type": "Hex High Entropy String"
      },
      {
        "filename": "mutants\\pkgs\\tabular\\src\\ml_platform_tabular\\metrics.py.meta",
        "hashed_secret": "e7e7c2e0880b78ef350cb2091a16fb90778e96dc",
        "is_verified": false,
        "line_number": 441,
        "type": "Hex High Entropy String"
      },
      {
        "filename": "mutants\\pkgs\\tabular\\src\\ml_platform_tabular\\metrics.py.meta",
        "hashed_secret": "fa19d2ba6566cc53922cd6660b82e431fbc5013f",
        "is_verified": false,
        "line_number": 442,
        "type": "Hex High Entropy String"
      },
      {
        "filename": "mutants\\pkgs\\tabular\\src\\ml_platform_tabular\\metrics.py.meta",
        "hashed_secret": "156beaa989b51a964ae516831296abf4197608f4",
        "is_verified": false,
        "line_number": 444,
        "type": "Hex High Entropy String"
      },
      {
        "filename": "mutants\\pkgs\\tabular\\src\\ml_platform_tabular\\metrics.py.meta",
        "hashed_secret": "f24da416fac09a54a0239c5f99b198d6282b1fb6",
        "is_verified": false,
        "line_number": 445,
        "type": "Hex High Entropy String"
      }
    ]
  },
  "version": "1.5.0"
}
